Reachable
-->16-->17-->20-->22-->24-->25-->13-->14-->15-->18
-->16-->1-->2-->3-->17-->20-->22-->24-->25-->13-->14-->15-->18
